[2026-03-21 15:32:38] Starting auto-deletion process...
[2026-03-21 22:32:38] Found 0 requests ready for deletion.
[2026-03-21 22:32:38] Auto-deletion process completed.
[2026-03-21 15:34:39] Starting auto-deletion process...
[2026-03-21 22:34:39] Found 0 requests ready for deletion.
[2026-03-21 22:34:39] Auto-deletion process completed.
[2026-03-21 15:36:25] Starting auto-deletion process...
[2026-03-21 22:36:25] Found 1 requests ready for deletion.
[2026-03-21 22:36:25] Processing request #9...
[2026-03-21 22:36:25]   ✓ Request #9 completed successfully.
[2026-03-21 22:36:25] Auto-deletion process completed.
[2026-03-21 15:37:17] Starting auto-deletion process...
[2026-03-21 22:37:17] Found 0 requests ready for deletion.
[2026-03-21 22:37:17] Auto-deletion process completed.
[2026-03-21 15:37:47] Starting auto-deletion process...
[2026-03-21 22:37:47] Found 0 requests ready for deletion.
[2026-03-21 22:37:47] Auto-deletion process completed.
[2026-03-21 19:02:04] Starting auto-deletion process...
[2026-03-22 02:02:04] Found 0 requests ready for deletion.
[2026-03-22 02:02:04] Auto-deletion process completed.
[2026-03-22 19:02:04] Starting auto-deletion process...
[2026-03-23 02:02:04] Found 0 requests ready for deletion.
[2026-03-23 02:02:04] Auto-deletion process completed.
[2026-03-23 19:02:04] Starting auto-deletion process...
[2026-03-24 02:02:04] Found 0 requests ready for deletion.
[2026-03-24 02:02:04] Auto-deletion process completed.
[2026-03-25 19:02:05] Starting auto-deletion process...
[2026-03-26 02:02:05] Found 0 requests ready for deletion.
[2026-03-26 02:02:05] Auto-deletion process completed.
[2026-03-27 19:02:03] Starting auto-deletion process...
[2026-03-28 02:02:03] Found 0 requests ready for deletion.
[2026-03-28 02:02:03] Auto-deletion process completed.
[2026-03-28 19:02:05] Starting auto-deletion process...
[2026-03-29 02:02:05] Found 0 requests ready for deletion.
[2026-03-29 02:02:05] Auto-deletion process completed.
[2026-03-30 06:31:55] Starting auto-deletion process...
[2026-03-30 12:31:55] Found 0 requests ready for deletion.
[2026-03-30 12:31:55] Auto-deletion process completed.
[2026-04-02 06:36:44] Starting auto-deletion process...
[2026-04-02 12:36:44] Found 0 requests ready for deletion.
[2026-04-02 12:36:44] Auto-deletion process completed.
[2026-04-03 11:42:16] Starting auto-deletion process...
[2026-04-03 17:42:16] Found 0 requests ready for deletion.
[2026-04-03 17:42:16] Auto-deletion process completed.
